msgid ""
msgstr ""
"Content-Type: text/plain; charset=UTF-8\n"

#: foo.c:17
msgid "gettext"
msgstr ""

#: foo.c:18
msgid "_"
msgstr ""

#: foo.c:19
msgid "N_"
msgstr ""

#: foo.c:25
msgid "whitespace1"
msgstr ""

#: foo.c:26
msgid "whitespace2"
msgstr ""

#: foo.c:27
msgid "whitespace3"
msgstr ""

#: foo.c:28
msgid "whitespace4"
msgstr ""

#: foo.c:31
msgid "whitespace5"
msgstr ""
